
  .   ____          _            __ _ _
 /\\ / ___'_ __ _ _(_)_ __  __ _ \ \ \ \
( ( )\___ | '_ | '_| | '_ \/ _` | \ \ \ \
 \\/  ___)| |_)| | | | | || (_| |  ) ) ) )
  '  |____| .__|_| |_|_| |_\__, | / / / /
 =========|_|==============|___/=/_/_/_/
 :: Spring Boot ::                (v3.1.5)

2025-10-31T10:02:56.900+01:00  INFO 38205 --- [           main] c.m.MentoringPlatformApplication         : Starting MentoringPlatformApplication v0.0.1-SNAPSHOT using Java 17 with PID 38205 (/Users/dariakazmina/test/backend/target/mentoring-platform-0.0.1-SNAPSHOT.jar started by dariakazmina in /Users/dariakazmina/test/backend)
2025-10-31T10:02:56.903+01:00  INFO 38205 --- [           main] c.m.MentoringPlatformApplication         : No active profile set, falling back to 1 default profile: "default"
2025-10-31T10:02:57.978+01:00  INFO 38205 --- [           main] .s.d.r.c.RepositoryConfigurationDelegate : Bootstrapping Spring Data JPA repositories in DEFAULT mode.
2025-10-31T10:02:58.085+01:00  INFO 38205 --- [           main] .s.d.r.c.RepositoryConfigurationDelegate : Finished Spring Data repository scanning in 94 ms. Found 7 JPA repository interfaces.
2025-10-31T10:02:59.230+01:00  INFO 38205 --- [           main] o.s.b.w.embedded.tomcat.TomcatWebServer  : Tomcat initialized with port(s): 8080 (http)
2025-10-31T10:02:59.250+01:00  INFO 38205 --- [           main] o.apache.catalina.core.StandardService   : Starting service [Tomcat]
2025-10-31T10:02:59.252+01:00  INFO 38205 --- [           main] o.apache.catalina.core.StandardEngine    : Starting Servlet engine: [Apache Tomcat/10.1.15]
2025-10-31T10:02:59.442+01:00  INFO 38205 --- [           main] o.a.c.c.C.[Tomcat].[localhost].[/]       : Initializing Spring embedded WebApplicationContext
2025-10-31T10:02:59.445+01:00  INFO 38205 --- [           main] w.s.c.ServletWebServerApplicationContext : Root WebApplicationContext: initialization completed in 2471 ms
2025-10-31T10:02:59.538+01:00  INFO 38205 --- [           main] com.zaxxer.hikari.HikariDataSource       : HikariPool-1 - Starting...
2025-10-31T10:02:59.906+01:00  INFO 38205 --- [           main] com.zaxxer.hikari.pool.HikariPool        : HikariPool-1 - Added connection conn0: url=jdbc:h2:mem:testdb user=SA
2025-10-31T10:02:59.909+01:00  INFO 38205 --- [           main] com.zaxxer.hikari.HikariDataSource       : HikariPool-1 - Start completed.
2025-10-31T10:02:59.929+01:00  INFO 38205 --- [           main] o.s.b.a.h2.H2ConsoleAutoConfiguration    : H2 console available at '/h2-console'. Database available at 'jdbc:h2:mem:testdb'
2025-10-31T10:03:00.133+01:00  INFO 38205 --- [           main] o.hibernate.jpa.internal.util.LogHelper  : HHH000204: Processing PersistenceUnitInfo [name: default]
2025-10-31T10:03:00.202+01:00  INFO 38205 --- [           main] org.hibernate.Version                    : HHH000412: Hibernate ORM core version 6.2.13.Final
2025-10-31T10:03:00.204+01:00  INFO 38205 --- [           main] org.hibernate.cfg.Environment            : HHH000406: Using bytecode reflection optimizer
2025-10-31T10:03:00.543+01:00  INFO 38205 --- [           main] o.s.o.j.p.SpringPersistenceUnitInfo      : No LoadTimeWeaver setup: ignoring JPA class transformer
2025-10-31T10:03:00.611+01:00  WARN 38205 --- [           main] org.hibernate.orm.deprecation            : HHH90000025: H2Dialect does not need to be specified explicitly using 'hibernate.dialect' (remove the property setting and it will be selected by default)
2025-10-31T10:03:01.852+01:00  INFO 38205 --- [           main] o.h.e.t.j.p.i.JtaPlatformInitiator       : HHH000489: No JTA platform available (set 'hibernate.transaction.jta.platform' to enable JTA platform integration)
Hibernate: drop table if exists chat_messages cascade 
Hibernate: drop table if exists manual_constraints cascade 
Hibernate: drop table if exists match_requests cascade 
Hibernate: drop table if exists mentee_profiles cascade 
Hibernate: drop table if exists mentor_profiles cascade 
Hibernate: drop table if exists program_settings cascade 
Hibernate: drop table if exists users cascade 
Hibernate: create table chat_messages (id bigint generated by default as identity, match_request_id bigint not null, sender_id bigint not null, sent_at timestamp(6), content varchar(1000) not null, primary key (id))
Hibernate: create table manual_constraints (created_at timestamp(6), created_by bigint, id bigint generated by default as identity, mentee_id bigint not null, mentor_id bigint not null, reason varchar(255), type varchar(255) not null check (type in ('MUST_NOT_MATCH','MUST_MATCH')), primary key (id))
Hibernate: create table match_requests (admin_approved boolean, chat_score float(53), feedback_score float(53), final_score float(53), initial_match_score float(53), mentee_final_decision boolean, mentee_rating integer, mentor_final_decision boolean, mentor_rating integer, created_at timestamp(6), id bigint generated by default as identity, mentee_id bigint not null, mentor_id bigint not null, updated_at timestamp(6), admin_notes varchar(255), status varchar(255) not null check (status in ('MENTEE_INTERESTED','MENTOR_ACCEPTED','MENTOR_REJECTED','ADMIN_APPROVED','ADMIN_REJECTED')), primary key (id))
Hibernate: create table mentee_profiles (age integer, created_at timestamp(6), id bigint generated by default as identity, updated_at timestamp(6), user_id bigint not null unique, additional_info varchar(500), mentorship_goals varchar(1000) not null, academic_field varchar(255) not null, city varchar(255), communication_style varchar(255) not null, language varchar(255), primary key (id))
Hibernate: create table mentor_profiles (age integer, created_at timestamp(6), id bigint generated by default as identity, updated_at timestamp(6), user_id bigint not null unique, additional_info varchar(500), areas_of_expertise varchar(1000) not null, mentoring_philosophy varchar(1000) not null, academic_field varchar(255) not null, city varchar(255), communication_style varchar(255) not null, language varchar(255), primary key (id))
Hibernate: create table program_settings (matching_season_active boolean not null, max_age_difference integer not null, max_likes_per_mentee integer not null, min_age_difference integer not null, created_at timestamp(6), id bigint generated by default as identity, updated_at timestamp(6), primary key (id))
Hibernate: create table users (created_at timestamp(6), id bigint generated by default as identity, email varchar(255) not null unique, first_name varchar(255) not null, last_name varchar(255) not null, password varchar(255) not null, profile_picture_url varchar(255), role varchar(255) not null check (role in ('MENTEE','MENTOR','ADMIN')), primary key (id))
Hibernate: alter table if exists chat_messages add constraint FKlup7n518psdo6tn2rru8d2itt foreign key (match_request_id) references match_requests
Hibernate: alter table if exists chat_messages add constraint FKgiqeap8ays4lf684x7m0r2729 foreign key (sender_id) references users
Hibernate: alter table if exists manual_constraints add constraint FKeq8xx4mpd8buq7iq1cfsqrvv0 foreign key (created_by) references users
Hibernate: alter table if exists manual_constraints add constraint FKp2byura0ss6c0pc5mqai4tk8t foreign key (mentee_id) references users
Hibernate: alter table if exists manual_constraints add constraint FK9bquwetudxn82vvd2fqwwt2dv foreign key (mentor_id) references users
Hibernate: alter table if exists match_requests add constraint FKsxm3gpywj7tx653f4254345wc foreign key (mentee_id) references users
Hibernate: alter table if exists match_requests add constraint FK5hcvcnudoa2917aivdya8l6e3 foreign key (mentor_id) references users
Hibernate: alter table if exists mentee_profiles add constraint FKhs0uyp6lk1ry322k3midswqo3 foreign key (user_id) references users
Hibernate: alter table if exists mentor_profiles add constraint FK335r9en8na3y8bk9ltm01m83f foreign key (user_id) references users
2025-10-31T10:03:01.951+01:00  INFO 38205 --- [           main] j.LocalContainerEntityManagerFactoryBean : Initialized JPA EntityManagerFactory for persistence unit 'default'
2025-10-31T10:03:02.356+01:00  INFO 38205 --- [           main] o.s.d.j.r.query.QueryEnhancerFactory     : Hibernate is in classpath; If applicable, HQL parser will be used.
2025-10-31T10:03:03.293+01:00  WARN 38205 --- [           main] JpaBaseConfiguration$JpaWebConfiguration : spring.jpa.open-in-view is enabled by default. Therefore, database queries may be performed during view rendering. Explicitly configure spring.jpa.open-in-view to disable this warning
2025-10-31T10:03:03.413+01:00  WARN 38205 --- [           main] .s.s.UserDetailsServiceAutoConfiguration : 

Using generated security password: 401a08e3-b88b-478d-94d5-6fa0c889c596

This generated password is for development use only. Your security configuration must be updated before running your application in production.

2025-10-31T10:03:03.570+01:00  INFO 38205 --- [           main] o.s.s.web.DefaultSecurityFilterChain     : Will secure any request with [org.springframework.security.web.session.DisableEncodeUrlFilter@7bb4ed71, org.springframework.security.web.context.request.async.WebAsyncManagerIntegrationFilter@5112b7, org.springframework.security.web.context.SecurityContextHolderFilter@41e8d917, org.springframework.security.web.header.HeaderWriterFilter@5ab63a04, org.springframework.security.web.authentication.logout.LogoutFilter@322b09da, org.springframework.security.web.savedrequest.RequestCacheAwareFilter@2b3f7704, org.springframework.security.web.servletapi.SecurityContextHolderAwareRequestFilter@3db1ce78, org.springframework.security.web.authentication.AnonymousAuthenticationFilter@56835f2f, org.springframework.security.web.access.ExceptionTranslationFilter@60c96eb4, org.springframework.security.web.access.intercept.AuthorizationFilter@3be80ece]
2025-10-31T10:03:03.920+01:00  INFO 38205 --- [           main] o.s.b.w.embedded.tomcat.TomcatWebServer  : Tomcat started on port(s): 8080 (http) with context path ''
2025-10-31T10:03:03.923+01:00  INFO 38205 --- [           main] o.s.m.s.b.SimpleBrokerMessageHandler     : Starting...
2025-10-31T10:03:03.924+01:00  INFO 38205 --- [           main] o.s.m.s.b.SimpleBrokerMessageHandler     : BrokerAvailabilityEvent[available=true, SimpleBrokerMessageHandler [org.springframework.messaging.simp.broker.DefaultSubscriptionRegistry@5aa6da2]]
2025-10-31T10:03:03.925+01:00  INFO 38205 --- [           main] o.s.m.s.b.SimpleBrokerMessageHandler     : Started.
2025-10-31T10:03:03.944+01:00  INFO 38205 --- [           main] c.m.MentoringPlatformApplication         : Started MentoringPlatformApplication in 7.664 seconds (process running for 8.45)
2025-10-31T10:03:25.462+01:00  INFO 38205 --- [nio-8080-exec-1] o.a.c.c.C.[Tomcat].[localhost].[/]       : Initializing Spring DispatcherServlet 'dispatcherServlet'
2025-10-31T10:03:25.463+01:00  INFO 38205 --- [nio-8080-exec-1] o.s.web.servlet.DispatcherServlet        : Initializing Servlet 'dispatcherServlet'
2025-10-31T10:03:25.464+01:00  INFO 38205 --- [nio-8080-exec-1] o.s.web.servlet.DispatcherServlet        : Completed initialization in 1 ms
Hibernate: select p1_0.id,p1_0.created_at,p1_0.matching_season_active,p1_0.max_age_difference,p1_0.max_likes_per_mentee,p1_0.min_age_difference,p1_0.updated_at from program_settings p1_0 order by p1_0.created_at desc fetch first ? rows only
Hibernate: select u1_0.id from users u1_0 where u1_0.email=? fetch first ? rows only
Hibernate: insert into users (created_at,email,first_name,last_name,password,profile_picture_url,role,id) values (?,?,?,?,?,?,?,default)
2025-10-31T10:04:03.275+01:00  INFO 38205 --- [MessageBroker-1] o.s.w.s.c.WebSocketMessageBrokerStats    : WebSocketSession[0 current WS(0)-HttpStream(0)-HttpPoll(0), 0 total, 0 closed abnormally (0 connect failure, 0 send limit, 0 transport error)], stompSubProtocol[processed CONNECT(0)-CONNECTED(0)-DISCONNECT(0)], stompBrokerRelay[null], inboundChannel[pool size = 0, active threads = 0, queued tasks = 0, completed tasks = 0], outboundChannel[pool size = 0, active threads = 0, queued tasks = 0, completed tasks = 0], sockJsScheduler[pool size = 1, active threads = 1, queued tasks = 0, completed tasks = 0]
Hibernate: select u1_0.id,u1_0.created_at,u1_0.email,u1_0.first_name,u1_0.last_name,u1_0.password,u1_0.profile_picture_url,u1_0.role from users u1_0 where u1_0.email=?
Hibernate: select u1_0.id,u1_0.created_at,u1_0.email,u1_0.first_name,u1_0.last_name,u1_0.password,u1_0.profile_picture_url,u1_0.role from users u1_0 where u1_0.id=?
Hibernate: select m1_0.id,m1_0.admin_approved,m1_0.admin_notes,m1_0.chat_score,m1_0.created_at,m1_0.feedback_score,m1_0.final_score,m1_0.initial_match_score,m1_0.mentee_id,m1_0.mentee_final_decision,m1_0.mentee_rating,m1_0.mentor_id,m1_0.mentor_final_decision,m1_0.mentor_rating,m1_0.status,m1_0.updated_at from match_requests m1_0 where m1_0.mentee_id=? or m1_0.mentor_id=? and m1_0.status in (?,?)
Hibernate: select u1_0.id,u1_0.created_at,u1_0.email,u1_0.first_name,u1_0.last_name,u1_0.password,u1_0.profile_picture_url,u1_0.role from users u1_0 where u1_0.id=?
Hibernate: select m1_0.id,m1_0.admin_approved,m1_0.admin_notes,m1_0.chat_score,m1_0.created_at,m1_0.feedback_score,m1_0.final_score,m1_0.initial_match_score,m1_0.mentee_id,m1_0.mentee_final_decision,m1_0.mentee_rating,m1_0.mentor_id,m1_0.mentor_final_decision,m1_0.mentor_rating,m1_0.status,m1_0.updated_at from match_requests m1_0 where m1_0.mentee_id=? or m1_0.mentor_id=? and m1_0.status in (?,?)
Hibernate: select u1_0.id,u1_0.created_at,u1_0.email,u1_0.first_name,u1_0.last_name,u1_0.password,u1_0.profile_picture_url,u1_0.role from users u1_0 where u1_0.id=?
2025-10-31T10:05:20.927+01:00 ERROR 38205 --- [nio-8080-exec-7] o.a.c.c.C.[.[.[/].[dispatcherServlet]    : Servlet.service() for servlet [dispatcherServlet] in context with path [] threw exception [Request processing failed: java.lang.RuntimeException: User not found] with root cause

java.lang.RuntimeException: User not found
	at com.mentoringplatform.service.UserService.lambda$getMenteeProfile$0(UserService.java:51) ~[classes!/:0.0.1-SNAPSHOT]
	at java.base/java.util.Optional.orElseThrow(Optional.java:403) ~[na:na]
	at com.mentoringplatform.service.UserService.getMenteeProfile(UserService.java:51) ~[classes!/:0.0.1-SNAPSHOT]
	at com.mentoringplatform.controller.UserController.getMenteeProfile(UserController.java:56) ~[classes!/:0.0.1-SNAPSHOT]
	at java.base/jdk.internal.reflect.NativeMethodAccessorImpl.invoke0(Native Method) ~[na:na]
	at java.base/jdk.internal.reflect.NativeMethodAccessorImpl.invoke(NativeMethodAccessorImpl.java:77) ~[na:na]
	at java.base/jdk.internal.reflect.DelegatingMethodAccessorImpl.invoke(DelegatingMethodAccessorImpl.java:43) ~[na:na]
	at java.base/java.lang.reflect.Method.invoke(Method.java:568) ~[na:na]
	at org.springframework.web.method.support.InvocableHandlerMethod.doInvoke(InvocableHandlerMethod.java:205) ~[spring-web-6.0.13.jar!/:6.0.13]
	at org.springframework.web.method.support.InvocableHandlerMethod.invokeForRequest(InvocableHandlerMethod.java:150) ~[spring-web-6.0.13.jar!/:6.0.13]
	at org.springframework.web.servlet.mvc.method.annotation.ServletInvocableHandlerMethod.invokeAndHandle(ServletInvocableHandlerMethod.java:118) ~[spring-webmvc-6.0.13.jar!/:6.0.13]
	at org.springframework.web.servlet.mvc.method.annotation.RequestMappingHandlerAdapter.invokeHandlerMethod(RequestMappingHandlerAdapter.java:884) ~[spring-webmvc-6.0.13.jar!/:6.0.13]
	at org.springframework.web.servlet.mvc.method.annotation.RequestMappingHandlerAdapter.handleInternal(RequestMappingHandlerAdapter.java:797) ~[spring-webmvc-6.0.13.jar!/:6.0.13]
	at org.springframework.web.servlet.mvc.method.AbstractHandlerMethodAdapter.handle(AbstractHandlerMethodAdapter.java:87) ~[spring-webmvc-6.0.13.jar!/:6.0.13]
	at org.springframework.web.servlet.DispatcherServlet.doDispatch(DispatcherServlet.java:1081) ~[spring-webmvc-6.0.13.jar!/:6.0.13]
	at org.springframework.web.servlet.DispatcherServlet.doService(DispatcherServlet.java:974) ~[spring-webmvc-6.0.13.jar!/:6.0.13]
	at org.springframework.web.servlet.FrameworkServlet.processRequest(FrameworkServlet.java:1011) ~[spring-webmvc-6.0.13.jar!/:6.0.13]
	at org.springframework.web.servlet.FrameworkServlet.doGet(FrameworkServlet.java:903) ~[spring-webmvc-6.0.13.jar!/:6.0.13]
	at jakarta.servlet.http.HttpServlet.service(HttpServlet.java:564) ~[tomcat-embed-core-10.1.15.jar!/:na]
	at org.springframework.web.servlet.FrameworkServlet.service(FrameworkServlet.java:885) ~[spring-webmvc-6.0.13.jar!/:6.0.13]
	at jakarta.servlet.http.HttpServlet.service(HttpServlet.java:658) ~[tomcat-embed-core-10.1.15.jar!/:na]
	at org.apache.catalina.core.ApplicationFilterChain.internalDoFilter(ApplicationFilterChain.java:205) ~[tomcat-embed-core-10.1.15.jar!/:na]
	at org.apache.catalina.core.ApplicationFilterChain.doFilter(ApplicationFilterChain.java:149) ~[tomcat-embed-core-10.1.15.jar!/:na]
	at org.apache.tomcat.websocket.server.WsFilter.doFilter(WsFilter.java:51) ~[tomcat-embed-websocket-10.1.15.jar!/:na]
	at org.apache.catalina.core.ApplicationFilterChain.internalDoFilter(ApplicationFilterChain.java:174) ~[tomcat-embed-core-10.1.15.jar!/:na]
	at org.apache.catalina.core.ApplicationFilterChain.doFilter(ApplicationFilterChain.java:149) ~[tomcat-embed-core-10.1.15.jar!/:na]
	at org.springframework.security.web.FilterChainProxy.lambda$doFilterInternal$3(FilterChainProxy.java:231) ~[spring-security-web-6.1.5.jar!/:6.1.5]
	at org.springframework.security.web.FilterChainProxy$VirtualFilterChain.doFilter(FilterChainProxy.java:365) ~[spring-security-web-6.1.5.jar!/:6.1.5]
	at org.springframework.security.web.access.intercept.AuthorizationFilter.doFilter(AuthorizationFilter.java:100) ~[spring-security-web-6.1.5.jar!/:6.1.5]
	at org.springframework.security.web.FilterChainProxy$VirtualFilterChain.doFilter(FilterChainProxy.java:374) ~[spring-security-web-6.1.5.jar!/:6.1.5]
	at org.springframework.security.web.access.ExceptionTranslationFilter.doFilter(ExceptionTranslationFilter.java:126) ~[spring-security-web-6.1.5.jar!/:6.1.5]
	at org.springframework.security.web.access.ExceptionTranslationFilter.doFilter(ExceptionTranslationFilter.java:120) ~[spring-security-web-6.1.5.jar!/:6.1.5]
	at org.springframework.security.web.FilterChainProxy$VirtualFilterChain.doFilter(FilterChainProxy.java:374) ~[spring-security-web-6.1.5.jar!/:6.1.5]
	at org.springframework.security.web.authentication.AnonymousAuthenticationFilter.doFilter(AnonymousAuthenticationFilter.java:100) ~[spring-security-web-6.1.5.jar!/:6.1.5]
	at org.springframework.security.web.FilterChainProxy$VirtualFilterChain.doFilter(FilterChainProxy.java:374) ~[spring-security-web-6.1.5.jar!/:6.1.5]
	at org.springframework.security.web.servletapi.SecurityContextHolderAwareRequestFilter.doFilter(SecurityContextHolderAwareRequestFilter.java:179) ~[spring-security-web-6.1.5.jar!/:6.1.5]
	at org.springframework.security.web.FilterChainProxy$VirtualFilterChain.doFilter(FilterChainProxy.java:374) ~[spring-security-web-6.1.5.jar!/:6.1.5]
	at org.springframework.security.web.savedrequest.RequestCacheAwareFilter.doFilter(RequestCacheAwareFilter.java:63) ~[spring-security-web-6.1.5.jar!/:6.1.5]
	at org.springframework.security.web.FilterChainProxy$VirtualFilterChain.doFilter(FilterChainProxy.java:374) ~[spring-security-web-6.1.5.jar!/:6.1.5]
	at org.springframework.security.web.authentication.logout.LogoutFilter.doFilter(LogoutFilter.java:107) ~[spring-security-web-6.1.5.jar!/:6.1.5]
	at org.springframework.security.web.authentication.logout.LogoutFilter.doFilter(LogoutFilter.java:93) ~[spring-security-web-6.1.5.jar!/:6.1.5]
	at org.springframework.security.web.FilterChainProxy$VirtualFilterChain.doFilter(FilterChainProxy.java:374) ~[spring-security-web-6.1.5.jar!/:6.1.5]
	at org.springframework.security.web.header.HeaderWriterFilter.doHeadersAfter(HeaderWriterFilter.java:90) ~[spring-security-web-6.1.5.jar!/:6.1.5]
	at org.springframework.security.web.header.HeaderWriterFilter.doFilterInternal(HeaderWriterFilter.java:75) ~[spring-security-web-6.1.5.jar!/:6.1.5]
	at org.springframework.web.filter.OncePerRequestFilter.doFilter(OncePerRequestFilter.java:116) ~[spring-web-6.0.13.jar!/:6.0.13]
	at org.springframework.security.web.FilterChainProxy$VirtualFilterChain.doFilter(FilterChainProxy.java:374) ~[spring-security-web-6.1.5.jar!/:6.1.5]
	at org.springframework.security.web.context.SecurityContextHolderFilter.doFilter(SecurityContextHolderFilter.java:82) ~[spring-security-web-6.1.5.jar!/:6.1.5]
	at org.springframework.security.web.context.SecurityContextHolderFilter.doFilter(SecurityContextHolderFilter.java:69) ~[spring-security-web-6.1.5.jar!/:6.1.5]
	at org.springframework.security.web.FilterChainProxy$VirtualFilterChain.doFilter(FilterChainProxy.java:374) ~[spring-security-web-6.1.5.jar!/:6.1.5]
	at org.springframework.security.web.context.request.async.WebAsyncManagerIntegrationFilter.doFilterInternal(WebAsyncManagerIntegrationFilter.java:62) ~[spring-security-web-6.1.5.jar!/:6.1.5]
	at org.springframework.web.filter.OncePerRequestFilter.doFilter(OncePerRequestFilter.java:116) ~[spring-web-6.0.13.jar!/:6.0.13]
	at org.springframework.security.web.FilterChainProxy$VirtualFilterChain.doFilter(FilterChainProxy.java:374) ~[spring-security-web-6.1.5.jar!/:6.1.5]
	at org.springframework.security.web.session.DisableEncodeUrlFilter.doFilterInternal(DisableEncodeUrlFilter.java:42) ~[spring-security-web-6.1.5.jar!/:6.1.5]
	at org.springframework.web.filter.OncePerRequestFilter.doFilter(OncePerRequestFilter.java:116) ~[spring-web-6.0.13.jar!/:6.0.13]
	at org.springframework.security.web.FilterChainProxy$VirtualFilterChain.doFilter(FilterChainProxy.java:374) ~[spring-security-web-6.1.5.jar!/:6.1.5]
	at org.springframework.security.web.FilterChainProxy.doFilterInternal(FilterChainProxy.java:233) ~[spring-security-web-6.1.5.jar!/:6.1.5]
	at org.springframework.security.web.FilterChainProxy.doFilter(FilterChainProxy.java:191) ~[spring-security-web-6.1.5.jar!/:6.1.5]
	at org.springframework.web.filter.DelegatingFilterProxy.invokeDelegate(DelegatingFilterProxy.java:352) ~[spring-web-6.0.13.jar!/:6.0.13]
	at org.springframework.web.filter.DelegatingFilterProxy.doFilter(DelegatingFilterProxy.java:268) ~[spring-web-6.0.13.jar!/:6.0.13]
	at org.apache.catalina.core.ApplicationFilterChain.internalDoFilter(ApplicationFilterChain.java:174) ~[tomcat-embed-core-10.1.15.jar!/:na]
	at org.apache.catalina.core.ApplicationFilterChain.doFilter(ApplicationFilterChain.java:149) ~[tomcat-embed-core-10.1.15.jar!/:na]
	at org.springframework.web.filter.RequestContextFilter.doFilterInternal(RequestContextFilter.java:100) ~[spring-web-6.0.13.jar!/:6.0.13]
	at org.springframework.web.filter.OncePerRequestFilter.doFilter(OncePerRequestFilter.java:116) ~[spring-web-6.0.13.jar!/:6.0.13]
	at org.apache.catalina.core.ApplicationFilterChain.internalDoFilter(ApplicationFilterChain.java:174) ~[tomcat-embed-core-10.1.15.jar!/:na]
	at org.apache.catalina.core.ApplicationFilterChain.doFilter(ApplicationFilterChain.java:149) ~[tomcat-embed-core-10.1.15.jar!/:na]
	at org.springframework.web.filter.FormContentFilter.doFilterInternal(FormContentFilter.java:93) ~[spring-web-6.0.13.jar!/:6.0.13]
	at org.springframework.web.filter.OncePerRequestFilter.doFilter(OncePerRequestFilter.java:116) ~[spring-web-6.0.13.jar!/:6.0.13]
	at org.apache.catalina.core.ApplicationFilterChain.internalDoFilter(ApplicationFilterChain.java:174) ~[tomcat-embed-core-10.1.15.jar!/:na]
	at org.apache.catalina.core.ApplicationFilterChain.doFilter(ApplicationFilterChain.java:149) ~[tomcat-embed-core-10.1.15.jar!/:na]
	at org.springframework.web.filter.CharacterEncodingFilter.doFilterInternal(CharacterEncodingFilter.java:201) ~[spring-web-6.0.13.jar!/:6.0.13]
	at org.springframework.web.filter.OncePerRequestFilter.doFilter(OncePerRequestFilter.java:116) ~[spring-web-6.0.13.jar!/:6.0.13]
	at org.apache.catalina.core.ApplicationFilterChain.internalDoFilter(ApplicationFilterChain.java:174) ~[tomcat-embed-core-10.1.15.jar!/:na]
	at org.apache.catalina.core.ApplicationFilterChain.doFilter(ApplicationFilterChain.java:149) ~[tomcat-embed-core-10.1.15.jar!/:na]
	at org.apache.catalina.core.StandardWrapperValve.invoke(StandardWrapperValve.java:167) ~[tomcat-embed-core-10.1.15.jar!/:na]
	at org.apache.catalina.core.StandardContextValve.invoke(StandardContextValve.java:90) ~[tomcat-embed-core-10.1.15.jar!/:na]
	at org.apache.catalina.authenticator.AuthenticatorBase.invoke(AuthenticatorBase.java:482) ~[tomcat-embed-core-10.1.15.jar!/:na]
	at org.apache.catalina.core.StandardHostValve.invoke(StandardHostValve.java:115) ~[tomcat-embed-core-10.1.15.jar!/:na]
	at org.apache.catalina.valves.ErrorReportValve.invoke(ErrorReportValve.java:93) ~[tomcat-embed-core-10.1.15.jar!/:na]
	at org.apache.catalina.core.StandardEngineValve.invoke(StandardEngineValve.java:74) ~[tomcat-embed-core-10.1.15.jar!/:na]
	at org.apache.catalina.connector.CoyoteAdapter.service(CoyoteAdapter.java:340) ~[tomcat-embed-core-10.1.15.jar!/:na]
	at org.apache.coyote.http11.Http11Processor.service(Http11Processor.java:391) ~[tomcat-embed-core-10.1.15.jar!/:na]
	at org.apache.coyote.AbstractProcessorLight.process(AbstractProcessorLight.java:63) ~[tomcat-embed-core-10.1.15.jar!/:na]
	at org.apache.coyote.AbstractProtocol$ConnectionHandler.process(AbstractProtocol.java:896) ~[tomcat-embed-core-10.1.15.jar!/:na]
	at org.apache.tomcat.util.net.NioEndpoint$SocketProcessor.doRun(NioEndpoint.java:1744) ~[tomcat-embed-core-10.1.15.jar!/:na]
	at org.apache.tomcat.util.net.SocketProcessorBase.run(SocketProcessorBase.java:52) ~[tomcat-embed-core-10.1.15.jar!/:na]
	at org.apache.tomcat.util.threads.ThreadPoolExecutor.runWorker(ThreadPoolExecutor.java:1191) ~[tomcat-embed-core-10.1.15.jar!/:na]
	at org.apache.tomcat.util.threads.ThreadPoolExecutor$Worker.run(ThreadPoolExecutor.java:659) ~[tomcat-embed-core-10.1.15.jar!/:na]
	at org.apache.tomcat.util.threads.TaskThread$WrappingRunnable.run(TaskThread.java:61) ~[tomcat-embed-core-10.1.15.jar!/:na]
	at java.base/java.lang.Thread.run(Thread.java:833) ~[na:na]

Hibernate: select u1_0.id,u1_0.created_at,u1_0.email,u1_0.first_name,u1_0.last_name,u1_0.password,u1_0.profile_picture_url,u1_0.role from users u1_0 where u1_0.email=?
Hibernate: select c1_0.id,c1_0.content,c1_0.match_request_id,c1_0.sender_id,c1_0.sent_at from chat_messages c1_0
Hibernate: select m1_0.id,m1_0.admin_approved,m1_0.admin_notes,m1_0.chat_score,m1_0.created_at,m1_0.feedback_score,m1_0.final_score,m1_0.initial_match_score,m1_0.mentee_id,m1_0.mentee_final_decision,m1_0.mentee_rating,m1_0.mentor_id,m1_0.mentor_final_decision,m1_0.mentor_rating,m1_0.status,m1_0.updated_at from match_requests m1_0
Hibernate: select m1_0.id,m1_0.academic_field,m1_0.additional_info,m1_0.age,m1_0.city,m1_0.communication_style,m1_0.created_at,m1_0.language,m1_0.mentorship_goals,m1_0.updated_at,m1_0.user_id from mentee_profiles m1_0
Hibernate: select m1_0.id,m1_0.academic_field,m1_0.additional_info,m1_0.age,m1_0.areas_of_expertise,m1_0.city,m1_0.communication_style,m1_0.created_at,m1_0.language,m1_0.mentoring_philosophy,m1_0.updated_at,m1_0.user_id from mentor_profiles m1_0
Hibernate: select u1_0.id,u1_0.created_at,u1_0.email,u1_0.first_name,u1_0.last_name,u1_0.password,u1_0.profile_picture_url,u1_0.role from users u1_0
Hibernate: delete from users where id=?
Hibernate: insert into users (created_at,email,first_name,last_name,password,profile_picture_url,role,id) values (?,?,?,?,?,?,?,default)
Hibernate: insert into users (created_at,email,first_name,last_name,password,profile_picture_url,role,id) values (?,?,?,?,?,?,?,default)
Hibernate: insert into users (created_at,email,first_name,last_name,password,profile_picture_url,role,id) values (?,?,?,?,?,?,?,default)
Hibernate: insert into users (created_at,email,first_name,last_name,password,profile_picture_url,role,id) values (?,?,?,?,?,?,?,default)
Hibernate: insert into users (created_at,email,first_name,last_name,password,profile_picture_url,role,id) values (?,?,?,?,?,?,?,default)
Hibernate: insert into mentee_profiles (academic_field,additional_info,age,city,communication_style,created_at,language,mentorship_goals,updated_at,user_id,id) values (?,?,?,?,?,?,?,?,?,?,default)
Hibernate: insert into mentee_profiles (academic_field,additional_info,age,city,communication_style,created_at,language,mentorship_goals,updated_at,user_id,id) values (?,?,?,?,?,?,?,?,?,?,default)
Hibernate: insert into mentor_profiles (academic_field,additional_info,age,areas_of_expertise,city,communication_style,created_at,language,mentoring_philosophy,updated_at,user_id,id) values (?,?,?,?,?,?,?,?,?,?,?,default)
Hibernate: insert into mentor_profiles (academic_field,additional_info,age,areas_of_expertise,city,communication_style,created_at,language,mentoring_philosophy,updated_at,user_id,id) values (?,?,?,?,?,?,?,?,?,?,?,default)
Hibernate: insert into match_requests (admin_approved,admin_notes,chat_score,created_at,feedback_score,final_score,initial_match_score,mentee_id,mentee_final_decision,mentee_rating,mentor_id,mentor_final_decision,mentor_rating,status,updated_at,id) values (?,?,?,?,?,?,?,?,?,?,?,?,?,?,?,default)
Hibernate: insert into match_requests (admin_approved,admin_notes,chat_score,created_at,feedback_score,final_score,initial_match_score,mentee_id,mentee_final_decision,mentee_rating,mentor_id,mentor_final_decision,mentor_rating,status,updated_at,id) values (?,?,?,?,?,?,?,?,?,?,?,?,?,?,?,default)
Hibernate: insert into match_requests (admin_approved,admin_notes,chat_score,created_at,feedback_score,final_score,initial_match_score,mentee_id,mentee_final_decision,mentee_rating,mentor_id,mentor_final_decision,mentor_rating,status,updated_at,id) values (?,?,?,?,?,?,?,?,?,?,?,?,?,?,?,default)
Hibernate: insert into chat_messages (content,match_request_id,sender_id,sent_at,id) values (?,?,?,?,default)
Hibernate: insert into chat_messages (content,match_request_id,sender_id,sent_at,id) values (?,?,?,?,default)
Hibernate: insert into chat_messages (content,match_request_id,sender_id,sent_at,id) values (?,?,?,?,default)
Hibernate: insert into chat_messages (content,match_request_id,sender_id,sent_at,id) values (?,?,?,?,default)
Hibernate: insert into chat_messages (content,match_request_id,sender_id,sent_at,id) values (?,?,?,?,default)
Hibernate: insert into chat_messages (content,match_request_id,sender_id,sent_at,id) values (?,?,?,?,default)
Hibernate: select p1_0.id,p1_0.created_at,p1_0.matching_season_active,p1_0.max_age_difference,p1_0.max_likes_per_mentee,p1_0.min_age_difference,p1_0.updated_at from program_settings p1_0 order by p1_0.created_at desc fetch first ? rows only
Hibernate: select u1_0.id,u1_0.created_at,u1_0.email,u1_0.first_name,u1_0.last_name,u1_0.password,u1_0.profile_picture_url,u1_0.role from users u1_0 where u1_0.email=?
Hibernate: select u1_0.id,u1_0.created_at,u1_0.email,u1_0.first_name,u1_0.last_name,u1_0.password,u1_0.profile_picture_url,u1_0.role from users u1_0 where u1_0.email=?
Hibernate: select u1_0.id,u1_0.created_at,u1_0.email,u1_0.first_name,u1_0.last_name,u1_0.password,u1_0.profile_picture_url,u1_0.role from users u1_0 where u1_0.id=?
Hibernate: select m1_0.id,m1_0.admin_approved,m1_0.admin_notes,m1_0.chat_score,m1_0.created_at,m1_0.feedback_score,m1_0.final_score,m1_0.initial_match_score,m1_0.mentee_id,m1_0.mentee_final_decision,m1_0.mentee_rating,m1_0.mentor_id,m1_0.mentor_final_decision,m1_0.mentor_rating,m1_0.status,m1_0.updated_at from match_requests m1_0 where m1_0.mentee_id=? or m1_0.mentor_id=? and m1_0.status in (?,?)
Hibernate: select u1_0.id,u1_0.created_at,u1_0.email,u1_0.first_name,u1_0.last_name,u1_0.password,u1_0.profile_picture_url,u1_0.role from users u1_0 where u1_0.id=?
Hibernate: select u1_0.id,u1_0.created_at,u1_0.email,u1_0.first_name,u1_0.last_name,u1_0.password,u1_0.profile_picture_url,u1_0.role from users u1_0 where u1_0.id=?
Hibernate: select m1_0.id,m1_0.admin_approved,m1_0.admin_notes,m1_0.chat_score,m1_0.created_at,m1_0.feedback_score,m1_0.final_score,m1_0.initial_match_score,m1_0.mentee_id,m1_0.mentee_final_decision,m1_0.mentee_rating,m1_0.mentor_id,m1_0.mentor_final_decision,m1_0.mentor_rating,m1_0.status,m1_0.updated_at from match_requests m1_0 where m1_0.mentee_id=? or m1_0.mentor_id=? and m1_0.status in (?,?)
Hibernate: select u1_0.id,u1_0.created_at,u1_0.email,u1_0.first_name,u1_0.last_name,u1_0.password,u1_0.profile_picture_url,u1_0.role from users u1_0 where u1_0.id=?
Hibernate: select u1_0.id,u1_0.created_at,u1_0.email,u1_0.first_name,u1_0.last_name,u1_0.password,u1_0.profile_picture_url,u1_0.role from users u1_0 where u1_0.id=?
Hibernate: select m1_0.id,m1_0.admin_approved,m1_0.admin_notes,m1_0.chat_score,m1_0.created_at,m1_0.feedback_score,m1_0.final_score,m1_0.initial_match_score,m1_0.mentee_id,m1_0.mentee_final_decision,m1_0.mentee_rating,m1_0.mentor_id,m1_0.mentor_final_decision,m1_0.mentor_rating,m1_0.status,m1_0.updated_at from match_requests m1_0 where m1_0.mentee_id=? or m1_0.mentor_id=? and m1_0.status in (?,?)
Hibernate: select u1_0.id,u1_0.created_at,u1_0.email,u1_0.first_name,u1_0.last_name,u1_0.password,u1_0.profile_picture_url,u1_0.role from users u1_0 where u1_0.id=?
Hibernate: select u1_0.id,u1_0.created_at,u1_0.email,u1_0.first_name,u1_0.last_name,u1_0.password,u1_0.profile_picture_url,u1_0.role from users u1_0 where u1_0.id=?
Hibernate: select m1_0.id,m1_0.admin_approved,m1_0.admin_notes,m1_0.chat_score,m1_0.created_at,m1_0.feedback_score,m1_0.final_score,m1_0.initial_match_score,m1_0.mentee_id,m1_0.mentee_final_decision,m1_0.mentee_rating,m1_0.mentor_id,m1_0.mentor_final_decision,m1_0.mentor_rating,m1_0.status,m1_0.updated_at from match_requests m1_0 where m1_0.mentee_id=? or m1_0.mentor_id=? and m1_0.status in (?,?)
Hibernate: select u1_0.id,u1_0.created_at,u1_0.email,u1_0.first_name,u1_0.last_name,u1_0.password,u1_0.profile_picture_url,u1_0.role from users u1_0 where u1_0.id=?
Hibernate: select u1_0.id,u1_0.created_at,u1_0.email,u1_0.first_name,u1_0.last_name,u1_0.password,u1_0.profile_picture_url,u1_0.role from users u1_0 where u1_0.email=?
Hibernate: select u1_0.id,u1_0.created_at,u1_0.email,u1_0.first_name,u1_0.last_name,u1_0.password,u1_0.profile_picture_url,u1_0.role from users u1_0 where u1_0.email=?
Hibernate: select u1_0.id,u1_0.created_at,u1_0.email,u1_0.first_name,u1_0.last_name,u1_0.password,u1_0.profile_picture_url,u1_0.role from users u1_0 where u1_0.id=?
Hibernate: select m1_0.id,m1_0.admin_approved,m1_0.admin_notes,m1_0.chat_score,m1_0.created_at,m1_0.feedback_score,m1_0.final_score,m1_0.initial_match_score,m1_0.mentee_id,m1_0.mentee_final_decision,m1_0.mentee_rating,m1_0.mentor_id,m1_0.mentor_final_decision,m1_0.mentor_rating,m1_0.status,m1_0.updated_at from match_requests m1_0 where m1_0.mentee_id=? or m1_0.mentor_id=? and m1_0.status in (?,?)
Hibernate: select u1_0.id,u1_0.created_at,u1_0.email,u1_0.first_name,u1_0.last_name,u1_0.password,u1_0.profile_picture_url,u1_0.role from users u1_0 where u1_0.id=?
Hibernate: select u1_0.id,u1_0.created_at,u1_0.email,u1_0.first_name,u1_0.last_name,u1_0.password,u1_0.profile_picture_url,u1_0.role from users u1_0 where u1_0.id=?
Hibernate: select m1_0.id,m1_0.admin_approved,m1_0.admin_notes,m1_0.chat_score,m1_0.created_at,m1_0.feedback_score,m1_0.final_score,m1_0.initial_match_score,m1_0.mentee_id,m1_0.mentee_final_decision,m1_0.mentee_rating,m1_0.mentor_id,m1_0.mentor_final_decision,m1_0.mentor_rating,m1_0.status,m1_0.updated_at from match_requests m1_0 where m1_0.mentee_id=? or m1_0.mentor_id=? and m1_0.status in (?,?)
Hibernate: select u1_0.id,u1_0.created_at,u1_0.email,u1_0.first_name,u1_0.last_name,u1_0.password,u1_0.profile_picture_url,u1_0.role from users u1_0 where u1_0.id=?
Hibernate: select u1_0.id,u1_0.created_at,u1_0.email,u1_0.first_name,u1_0.last_name,u1_0.password,u1_0.profile_picture_url,u1_0.role from users u1_0 where u1_0.id=?
Hibernate: select m1_0.id,m1_0.admin_approved,m1_0.admin_notes,m1_0.chat_score,m1_0.created_at,m1_0.feedback_score,m1_0.final_score,m1_0.initial_match_score,m1_0.mentee_id,m1_0.mentee_final_decision,m1_0.mentee_rating,m1_0.mentor_id,m1_0.mentor_final_decision,m1_0.mentor_rating,m1_0.status,m1_0.updated_at from match_requests m1_0 where m1_0.mentee_id=? or m1_0.mentor_id=? and m1_0.status in (?,?)
Hibernate: select u1_0.id,u1_0.created_at,u1_0.email,u1_0.first_name,u1_0.last_name,u1_0.password,u1_0.profile_picture_url,u1_0.role from users u1_0 where u1_0.id=?
Hibernate: select u1_0.id,u1_0.created_at,u1_0.email,u1_0.first_name,u1_0.last_name,u1_0.password,u1_0.profile_picture_url,u1_0.role from users u1_0 where u1_0.id=?
Hibernate: select m1_0.id,m1_0.admin_approved,m1_0.admin_notes,m1_0.chat_score,m1_0.created_at,m1_0.feedback_score,m1_0.final_score,m1_0.initial_match_score,m1_0.mentee_id,m1_0.mentee_final_decision,m1_0.mentee_rating,m1_0.mentor_id,m1_0.mentor_final_decision,m1_0.mentor_rating,m1_0.status,m1_0.updated_at from match_requests m1_0 where m1_0.mentee_id=? or m1_0.mentor_id=? and m1_0.status in (?,?)
Hibernate: select u1_0.id,u1_0.created_at,u1_0.email,u1_0.first_name,u1_0.last_name,u1_0.password,u1_0.profile_picture_url,u1_0.role from users u1_0 where u1_0.id=?
Hibernate: select u1_0.id,u1_0.created_at,u1_0.email,u1_0.first_name,u1_0.last_name,u1_0.password,u1_0.profile_picture_url,u1_0.role from users u1_0 where u1_0.email=?
Hibernate: select u1_0.id,u1_0.created_at,u1_0.email,u1_0.first_name,u1_0.last_name,u1_0.password,u1_0.profile_picture_url,u1_0.role from users u1_0 where u1_0.email=?
Hibernate: select u1_0.id,u1_0.created_at,u1_0.email,u1_0.first_name,u1_0.last_name,u1_0.password,u1_0.profile_picture_url,u1_0.role from users u1_0 where u1_0.email=?
Hibernate: select u1_0.id,u1_0.created_at,u1_0.email,u1_0.first_name,u1_0.last_name,u1_0.password,u1_0.profile_picture_url,u1_0.role from users u1_0 where u1_0.email=?
Hibernate: select u1_0.id,u1_0.created_at,u1_0.email,u1_0.first_name,u1_0.last_name,u1_0.password,u1_0.profile_picture_url,u1_0.role from users u1_0 where u1_0.id=?
Hibernate: select m1_0.id,m1_0.admin_approved,m1_0.admin_notes,m1_0.chat_score,m1_0.created_at,m1_0.feedback_score,m1_0.final_score,m1_0.initial_match_score,m1_0.mentee_id,m1_0.mentee_final_decision,m1_0.mentee_rating,m1_0.mentor_id,m1_0.mentor_final_decision,m1_0.mentor_rating,m1_0.status,m1_0.updated_at from match_requests m1_0 where m1_0.mentee_id=? or m1_0.mentor_id=? and m1_0.status in (?,?)
Hibernate: select u1_0.id,u1_0.created_at,u1_0.email,u1_0.first_name,u1_0.last_name,u1_0.password,u1_0.profile_picture_url,u1_0.role from users u1_0 where u1_0.id=?
Hibernate: select u1_0.id,u1_0.created_at,u1_0.email,u1_0.first_name,u1_0.last_name,u1_0.password,u1_0.profile_picture_url,u1_0.role from users u1_0 where u1_0.id=?
Hibernate: select m1_0.id,m1_0.admin_approved,m1_0.admin_notes,m1_0.chat_score,m1_0.created_at,m1_0.feedback_score,m1_0.final_score,m1_0.initial_match_score,m1_0.mentee_id,m1_0.mentee_final_decision,m1_0.mentee_rating,m1_0.mentor_id,m1_0.mentor_final_decision,m1_0.mentor_rating,m1_0.status,m1_0.updated_at from match_requests m1_0 where m1_0.mentee_id=? or m1_0.mentor_id=? and m1_0.status in (?,?)
Hibernate: select u1_0.id,u1_0.created_at,u1_0.email,u1_0.first_name,u1_0.last_name,u1_0.password,u1_0.profile_picture_url,u1_0.role from users u1_0 where u1_0.id=?
Hibernate: select u1_0.id,u1_0.created_at,u1_0.email,u1_0.first_name,u1_0.last_name,u1_0.password,u1_0.profile_picture_url,u1_0.role from users u1_0 where u1_0.id=?
Hibernate: select m1_0.id,m1_0.admin_approved,m1_0.admin_notes,m1_0.chat_score,m1_0.created_at,m1_0.feedback_score,m1_0.final_score,m1_0.initial_match_score,m1_0.mentee_id,m1_0.mentee_final_decision,m1_0.mentee_rating,m1_0.mentor_id,m1_0.mentor_final_decision,m1_0.mentor_rating,m1_0.status,m1_0.updated_at from match_requests m1_0 where m1_0.mentee_id=? or m1_0.mentor_id=? and m1_0.status in (?,?)
Hibernate: select u1_0.id,u1_0.created_at,u1_0.email,u1_0.first_name,u1_0.last_name,u1_0.password,u1_0.profile_picture_url,u1_0.role from users u1_0 where u1_0.id=?
Hibernate: select u1_0.id,u1_0.created_at,u1_0.email,u1_0.first_name,u1_0.last_name,u1_0.password,u1_0.profile_picture_url,u1_0.role from users u1_0 where u1_0.email=?
Hibernate: select u1_0.id,u1_0.created_at,u1_0.email,u1_0.first_name,u1_0.last_name,u1_0.password,u1_0.profile_picture_url,u1_0.role from users u1_0 where u1_0.email=?
2025-10-31T10:34:03.865+01:00  INFO 38205 --- [MessageBroker-1] o.s.w.s.c.WebSocketMessageBrokerStats    : WebSocketSession[0 current WS(0)-HttpStream(0)-HttpPoll(0), 0 total, 0 closed abnormally (0 connect failure, 0 send limit, 0 transport error)], stompSubProtocol[processed CONNECT(0)-CONNECTED(0)-DISCONNECT(0)], stompBrokerRelay[null], inboundChannel[pool size = 0, active threads = 0, queued tasks = 0, completed tasks = 0], outboundChannel[pool size = 0, active threads = 0, queued tasks = 0, completed tasks = 0], sockJsScheduler[pool size = 2, active threads = 1, queued tasks = 0, completed tasks = 1]
Hibernate: select p1_0.id,p1_0.created_at,p1_0.matching_season_active,p1_0.max_age_difference,p1_0.max_likes_per_mentee,p1_0.min_age_difference,p1_0.updated_at from program_settings p1_0 order by p1_0.created_at desc fetch first ? rows only
Hibernate: select u1_0.id,u1_0.created_at,u1_0.email,u1_0.first_name,u1_0.last_name,u1_0.password,u1_0.profile_picture_url,u1_0.role from users u1_0 where u1_0.id=?
Hibernate: select c1_0.id,c1_0.content,c1_0.match_request_id,c1_0.sender_id,c1_0.sent_at from chat_messages c1_0
Hibernate: select m1_0.id,m1_0.admin_approved,m1_0.admin_notes,m1_0.chat_score,m1_0.created_at,m1_0.feedback_score,m1_0.final_score,m1_0.initial_match_score,m1_0.mentee_id,m2_0.id,m2_0.created_at,m2_0.email,m2_0.first_name,m2_0.last_name,m2_0.password,m2_0.profile_picture_url,m2_0.role,m1_0.mentee_final_decision,m1_0.mentee_rating,m1_0.mentor_id,m3_0.id,m3_0.created_at,m3_0.email,m3_0.first_name,m3_0.last_name,m3_0.password,m3_0.profile_picture_url,m3_0.role,m1_0.mentor_final_decision,m1_0.mentor_rating,m1_0.status,m1_0.updated_at from match_requests m1_0 join users m2_0 on m2_0.id=m1_0.mentee_id join users m3_0 on m3_0.id=m1_0.mentor_id where m1_0.id=?
Hibernate: select m1_0.id,m1_0.admin_approved,m1_0.admin_notes,m1_0.chat_score,m1_0.created_at,m1_0.feedback_score,m1_0.final_score,m1_0.initial_match_score,m1_0.mentee_id,m2_0.id,m2_0.created_at,m2_0.email,m2_0.first_name,m2_0.last_name,m2_0.password,m2_0.profile_picture_url,m2_0.role,m1_0.mentee_final_decision,m1_0.mentee_rating,m1_0.mentor_id,m3_0.id,m3_0.created_at,m3_0.email,m3_0.first_name,m3_0.last_name,m3_0.password,m3_0.profile_picture_url,m3_0.role,m1_0.mentor_final_decision,m1_0.mentor_rating,m1_0.status,m1_0.updated_at from match_requests m1_0 join users m2_0 on m2_0.id=m1_0.mentee_id join users m3_0 on m3_0.id=m1_0.mentor_id where m1_0.id=?
Hibernate: delete from chat_messages where id=?
Hibernate: delete from chat_messages where id=?
Hibernate: delete from chat_messages where id=?
Hibernate: delete from chat_messages where id=?
Hibernate: delete from chat_messages where id=?
Hibernate: delete from chat_messages where id=?
Hibernate: select m1_0.id,m1_0.admin_approved,m1_0.admin_notes,m1_0.chat_score,m1_0.created_at,m1_0.feedback_score,m1_0.final_score,m1_0.initial_match_score,m1_0.mentee_id,m1_0.mentee_final_decision,m1_0.mentee_rating,m1_0.mentor_id,m1_0.mentor_final_decision,m1_0.mentor_rating,m1_0.status,m1_0.updated_at from match_requests m1_0
Hibernate: delete from match_requests where id=?
Hibernate: delete from match_requests where id=?
Hibernate: delete from match_requests where id=?
Hibernate: select m1_0.id,m1_0.academic_field,m1_0.additional_info,m1_0.age,m1_0.city,m1_0.communication_style,m1_0.created_at,m1_0.language,m1_0.mentorship_goals,m1_0.updated_at,m1_0.user_id from mentee_profiles m1_0
Hibernate: delete from mentee_profiles where id=?
Hibernate: delete from mentee_profiles where id=?
Hibernate: select m1_0.id,m1_0.academic_field,m1_0.additional_info,m1_0.age,m1_0.areas_of_expertise,m1_0.city,m1_0.communication_style,m1_0.created_at,m1_0.language,m1_0.mentoring_philosophy,m1_0.updated_at,m1_0.user_id from mentor_profiles m1_0
Hibernate: delete from mentor_profiles where id=?
Hibernate: delete from mentor_profiles where id=?
Hibernate: select u1_0.id,u1_0.created_at,u1_0.email,u1_0.first_name,u1_0.last_name,u1_0.password,u1_0.profile_picture_url,u1_0.role from users u1_0
Hibernate: delete from users where id=?
Hibernate: delete from users where id=?
Hibernate: delete from users where id=?
Hibernate: delete from users where id=?
Hibernate: delete from users where id=?
Hibernate: insert into users (created_at,email,first_name,last_name,password,profile_picture_url,role,id) values (?,?,?,?,?,?,?,default)
Hibernate: insert into users (created_at,email,first_name,last_name,password,profile_picture_url,role,id) values (?,?,?,?,?,?,?,default)
Hibernate: insert into users (created_at,email,first_name,last_name,password,profile_picture_url,role,id) values (?,?,?,?,?,?,?,default)
Hibernate: insert into users (created_at,email,first_name,last_name,password,profile_picture_url,role,id) values (?,?,?,?,?,?,?,default)
Hibernate: insert into users (created_at,email,first_name,last_name,password,profile_picture_url,role,id) values (?,?,?,?,?,?,?,default)
Hibernate: insert into mentee_profiles (academic_field,additional_info,age,city,communication_style,created_at,language,mentorship_goals,updated_at,user_id,id) values (?,?,?,?,?,?,?,?,?,?,default)
Hibernate: insert into mentee_profiles (academic_field,additional_info,age,city,communication_style,created_at,language,mentorship_goals,updated_at,user_id,id) values (?,?,?,?,?,?,?,?,?,?,default)
Hibernate: insert into mentor_profiles (academic_field,additional_info,age,areas_of_expertise,city,communication_style,created_at,language,mentoring_philosophy,updated_at,user_id,id) values (?,?,?,?,?,?,?,?,?,?,?,default)
Hibernate: insert into mentor_profiles (academic_field,additional_info,age,areas_of_expertise,city,communication_style,created_at,language,mentoring_philosophy,updated_at,user_id,id) values (?,?,?,?,?,?,?,?,?,?,?,default)
Hibernate: insert into match_requests (admin_approved,admin_notes,chat_score,created_at,feedback_score,final_score,initial_match_score,mentee_id,mentee_final_decision,mentee_rating,mentor_id,mentor_final_decision,mentor_rating,status,updated_at,id) values (?,?,?,?,?,?,?,?,?,?,?,?,?,?,?,default)
Hibernate: insert into match_requests (admin_approved,admin_notes,chat_score,created_at,feedback_score,final_score,initial_match_score,mentee_id,mentee_final_decision,mentee_rating,mentor_id,mentor_final_decision,mentor_rating,status,updated_at,id) values (?,?,?,?,?,?,?,?,?,?,?,?,?,?,?,default)
Hibernate: insert into match_requests (admin_approved,admin_notes,chat_score,created_at,feedback_score,final_score,initial_match_score,mentee_id,mentee_final_decision,mentee_rating,mentor_id,mentor_final_decision,mentor_rating,status,updated_at,id) values (?,?,?,?,?,?,?,?,?,?,?,?,?,?,?,default)
Hibernate: insert into chat_messages (content,match_request_id,sender_id,sent_at,id) values (?,?,?,?,default)
Hibernate: insert into chat_messages (content,match_request_id,sender_id,sent_at,id) values (?,?,?,?,default)
Hibernate: insert into chat_messages (content,match_request_id,sender_id,sent_at,id) values (?,?,?,?,default)
Hibernate: insert into chat_messages (content,match_request_id,sender_id,sent_at,id) values (?,?,?,?,default)
Hibernate: insert into chat_messages (content,match_request_id,sender_id,sent_at,id) values (?,?,?,?,default)
Hibernate: insert into chat_messages (content,match_request_id,sender_id,sent_at,id) values (?,?,?,?,default)
Hibernate: select u1_0.id,u1_0.created_at,u1_0.email,u1_0.first_name,u1_0.last_name,u1_0.password,u1_0.profile_picture_url,u1_0.role from users u1_0 where u1_0.email=?
Hibernate: select u1_0.id,u1_0.created_at,u1_0.email,u1_0.first_name,u1_0.last_name,u1_0.password,u1_0.profile_picture_url,u1_0.role from users u1_0 where u1_0.id=?
Hibernate: select m1_0.id,m1_0.admin_approved,m1_0.admin_notes,m1_0.chat_score,m1_0.created_at,m1_0.feedback_score,m1_0.final_score,m1_0.initial_match_score,m1_0.mentee_id,m1_0.mentee_final_decision,m1_0.mentee_rating,m1_0.mentor_id,m1_0.mentor_final_decision,m1_0.mentor_rating,m1_0.status,m1_0.updated_at from match_requests m1_0 where m1_0.mentor_id=? and m1_0.status=?
Hibernate: select u1_0.id,u1_0.created_at,u1_0.email,u1_0.first_name,u1_0.last_name,u1_0.password,u1_0.profile_picture_url,u1_0.role from users u1_0 where u1_0.id=?
Hibernate: select m1_0.id,m1_0.academic_field,m1_0.additional_info,m1_0.age,m1_0.city,m1_0.communication_style,m1_0.created_at,m1_0.language,m1_0.mentorship_goals,m1_0.updated_at,m1_0.user_id from mentee_profiles m1_0 where m1_0.user_id=?
Hibernate: select u1_0.id,u1_0.created_at,u1_0.email,u1_0.first_name,u1_0.last_name,u1_0.password,u1_0.profile_picture_url,u1_0.role from users u1_0 where u1_0.email=?
Hibernate: select u1_0.id,u1_0.created_at,u1_0.email,u1_0.first_name,u1_0.last_name,u1_0.password,u1_0.profile_picture_url,u1_0.role from users u1_0 where u1_0.email=?
Hibernate: select m1_0.id,m1_0.admin_approved,m1_0.admin_notes,m1_0.chat_score,m1_0.created_at,m1_0.feedback_score,m1_0.final_score,m1_0.initial_match_score,m1_0.mentee_id,m2_0.id,m2_0.created_at,m2_0.email,m2_0.first_name,m2_0.last_name,m2_0.password,m2_0.profile_picture_url,m2_0.role,m1_0.mentee_final_decision,m1_0.mentee_rating,m1_0.mentor_id,m3_0.id,m3_0.created_at,m3_0.email,m3_0.first_name,m3_0.last_name,m3_0.password,m3_0.profile_picture_url,m3_0.role,m1_0.mentor_final_decision,m1_0.mentor_rating,m1_0.status,m1_0.updated_at from match_requests m1_0 join users m2_0 on m2_0.id=m1_0.mentee_id join users m3_0 on m3_0.id=m1_0.mentor_id where m1_0.id=?
Hibernate: update match_requests set admin_approved=?,admin_notes=?,chat_score=?,created_at=?,feedback_score=?,final_score=?,initial_match_score=?,mentee_id=?,mentee_final_decision=?,mentee_rating=?,mentor_id=?,mentor_final_decision=?,mentor_rating=?,status=?,updated_at=? where id=?
Hibernate: select u1_0.id,u1_0.created_at,u1_0.email,u1_0.first_name,u1_0.last_name,u1_0.password,u1_0.profile_picture_url,u1_0.role from users u1_0 where u1_0.email=?
Hibernate: select u1_0.id,u1_0.created_at,u1_0.email,u1_0.first_name,u1_0.last_name,u1_0.password,u1_0.profile_picture_url,u1_0.role from users u1_0 where u1_0.email=?
Hibernate: select p1_0.id,p1_0.created_at,p1_0.matching_season_active,p1_0.max_age_difference,p1_0.max_likes_per_mentee,p1_0.min_age_difference,p1_0.updated_at from program_settings p1_0 order by p1_0.created_at desc fetch first ? rows only
2025-10-31T10:52:06.673+01:00  INFO 38205 --- [ionShutdownHook] o.s.m.s.b.SimpleBrokerMessageHandler     : Stopping...
2025-10-31T10:52:06.673+01:00  INFO 38205 --- [ionShutdownHook] o.s.m.s.b.SimpleBrokerMessageHandler     : BrokerAvailabilityEvent[available=false, SimpleBrokerMessageHandler [org.springframework.messaging.simp.broker.DefaultSubscriptionRegistry@5aa6da2]]
2025-10-31T10:52:06.674+01:00  INFO 38205 --- [ionShutdownHook] o.s.m.s.b.SimpleBrokerMessageHandler     : Stopped.
2025-10-31T10:52:06.793+01:00  INFO 38205 --- [ionShutdownHook] j.LocalContainerEntityManagerFactoryBean : Closing JPA EntityManagerFactory for persistence unit 'default'
Hibernate: drop table if exists chat_messages cascade 
Hibernate: drop table if exists manual_constraints cascade 
Hibernate: drop table if exists match_requests cascade 
Hibernate: drop table if exists mentee_profiles cascade 
Hibernate: drop table if exists mentor_profiles cascade 
Hibernate: drop table if exists program_settings cascade 
Hibernate: drop table if exists users cascade 
2025-10-31T10:52:06.867+01:00  INFO 38205 --- [ionShutdownHook] com.zaxxer.hikari.HikariDataSource       : HikariPool-1 - Shutdown initiated...
2025-10-31T10:52:06.881+01:00  INFO 38205 --- [ionShutdownHook] com.zaxxer.hikari.HikariDataSource       : HikariPool-1 - Shutdown completed.
