WARNING: A terminally deprecated method in sun.misc.Unsafe has been called
WARNING: sun.misc.Unsafe::staticFieldBase has been called by com.google.inject.internal.aop.HiddenClassDefiner (file:/usr/local/Cellar/maven/3.9.11/libexec/lib/guice-5.1.0-classes.jar)
WARNING: Please consider reporting this to the maintainers of class com.google.inject.internal.aop.HiddenClassDefiner
WARNING: sun.misc.Unsafe::staticFieldBase will be removed in a future release
[INFO] Scanning for projects...
[INFO] 
[INFO] --------------< com.mentoringplatform:mentoring-platform >--------------
[INFO] Building mentoring-platform 0.0.1-SNAPSHOT
[INFO]   from pom.xml
[INFO] --------------------------------[ jar ]---------------------------------
[INFO] 
[INFO] >>> spring-boot:3.1.5:run (default-cli) > test-compile @ mentoring-platform >>>
[INFO] 
[INFO] --- resources:3.3.1:resources (default-resources) @ mentoring-platform ---
[INFO] Copying 1 resource from src/main/resources to target/classes
[INFO] Copying 0 resource from src/main/resources to target/classes
[INFO] 
[INFO] --- compiler:3.11.0:compile (default-compile) @ mentoring-platform ---
[INFO] Nothing to compile - all classes are up to date
[INFO] 
[INFO] --- resources:3.3.1:testResources (default-testResources) @ mentoring-platform ---
[INFO] skip non existing resourceDirectory /Users/dariakazmina/Desktop/final_matching/matching/backend/src/test/resources
[INFO] 
[INFO] --- compiler:3.11.0:testCompile (default-testCompile) @ mentoring-platform ---
[INFO] No sources to compile
[INFO] 
[INFO] <<< spring-boot:3.1.5:run (default-cli) < test-compile @ mentoring-platform <<<
[INFO] 
[INFO] 
[INFO] --- spring-boot:3.1.5:run (default-cli) @ mentoring-platform ---
[INFO] Attaching agents: []

  .   ____          _            __ _ _
 /\\ / ___'_ __ _ _(_)_ __  __ _ \ \ \ \
( ( )\___ | '_ | '_| | '_ \/ _` | \ \ \ \
 \\/  ___)| |_)| | | | | || (_| |  ) ) ) )
  '  |____| .__|_| |_|_| |_\__, | / / / /
 =========|_|==============|___/=/_/_/_/
 :: Spring Boot ::                (v3.1.5)

2025-10-31T23:49:11.500+01:00  INFO 82996 --- [           main] c.m.MentoringPlatformApplication         : Starting MentoringPlatformApplication using Java 25.0.1 with PID 82996 (/Users/dariakazmina/Desktop/final_matching/matching/backend/target/classes started by dariakazmina in /Users/dariakazmina/Desktop/final_matching/matching/backend)
2025-10-31T23:49:11.504+01:00  INFO 82996 --- [           main] c.m.MentoringPlatformApplication         : No active profile set, falling back to 1 default profile: "default"
2025-10-31T23:49:12.201+01:00  INFO 82996 --- [           main] .s.d.r.c.RepositoryConfigurationDelegate : Bootstrapping Spring Data JPA repositories in DEFAULT mode.
2025-10-31T23:49:12.284+01:00  INFO 82996 --- [           main] .s.d.r.c.RepositoryConfigurationDelegate : Finished Spring Data repository scanning in 75 ms. Found 9 JPA repository interfaces.
WARNING: A restricted method in java.lang.System has been called
WARNING: java.lang.System::load has been called by org.apache.tomcat.jni.Library in an unnamed module (file:/Users/dariakazmina/.m2/repository/org/apache/tomcat/embed/tomcat-embed-core/10.1.15/tomcat-embed-core-10.1.15.jar)
WARNING: Use --enable-native-access=ALL-UNNAMED to avoid a warning for callers in this module
WARNING: Restricted methods will be blocked in a future release unless native access is enabled

2025-10-31T23:49:12.890+01:00  INFO 82996 --- [           main] o.s.b.w.embedded.tomcat.TomcatWebServer  : Tomcat initialized with port(s): 8080 (http)
2025-10-31T23:49:12.899+01:00  INFO 82996 --- [           main] o.apache.catalina.core.StandardService   : Starting service [Tomcat]
2025-10-31T23:49:12.900+01:00  INFO 82996 --- [           main] o.apache.catalina.core.StandardEngine    : Starting Servlet engine: [Apache Tomcat/10.1.15]
2025-10-31T23:49:12.982+01:00  INFO 82996 --- [           main] o.a.c.c.C.[Tomcat].[localhost].[/]       : Initializing Spring embedded WebApplicationContext
2025-10-31T23:49:12.983+01:00  INFO 82996 --- [           main] w.s.c.ServletWebServerApplicationContext : Root WebApplicationContext: initialization completed in 1426 ms
2025-10-31T23:49:13.016+01:00  INFO 82996 --- [           main] com.zaxxer.hikari.HikariDataSource       : HikariPool-1 - Starting...
2025-10-31T23:49:13.226+01:00  INFO 82996 --- [           main] com.zaxxer.hikari.pool.HikariPool        : HikariPool-1 - Added connection conn0: url=jdbc:h2:mem:testdb user=SA
2025-10-31T23:49:13.229+01:00  INFO 82996 --- [           main] com.zaxxer.hikari.HikariDataSource       : HikariPool-1 - Start completed.
2025-10-31T23:49:13.244+01:00  INFO 82996 --- [           main] o.s.b.a.h2.H2ConsoleAutoConfiguration    : H2 console available at '/h2-console'. Database available at 'jdbc:h2:mem:testdb'
2025-10-31T23:49:13.369+01:00  INFO 82996 --- [           main] o.hibernate.jpa.internal.util.LogHelper  : HHH000204: Processing PersistenceUnitInfo [name: default]
2025-10-31T23:49:13.411+01:00  INFO 82996 --- [           main] org.hibernate.Version                    : HHH000412: Hibernate ORM core version 6.2.13.Final
2025-10-31T23:49:13.413+01:00  INFO 82996 --- [           main] org.hibernate.cfg.Environment            : HHH000406: Using bytecode reflection optimizer
2025-10-31T23:49:13.671+01:00  INFO 82996 --- [           main] o.s.o.j.p.SpringPersistenceUnitInfo      : No LoadTimeWeaver setup: ignoring JPA class transformer
2025-10-31T23:49:13.710+01:00  WARN 82996 --- [           main] org.hibernate.orm.deprecation            : HHH90000025: H2Dialect does not need to be specified explicitly using 'hibernate.dialect' (remove the property setting and it will be selected by default)
2025-10-31T23:49:14.758+01:00  INFO 82996 --- [           main] o.h.e.t.j.p.i.JtaPlatformInitiator       : HHH000489: No JTA platform available (set 'hibernate.transaction.jta.platform' to enable JTA platform integration)
Hibernate: drop table if exists chat_messages cascade 
Hibernate: drop table if exists manual_constraints cascade 
Hibernate: drop table if exists match_requests cascade 
Hibernate: drop table if exists mentee_profiles cascade 
Hibernate: drop table if exists mentor_profiles cascade 
Hibernate: drop table if exists potential_matches cascade 
Hibernate: drop table if exists program_settings cascade 
Hibernate: drop table if exists users cascade 
Hibernate: drop table if exists voice_answers cascade 
Hibernate: create table chat_messages (id bigint generated by default as identity, match_request_id bigint not null, sender_id bigint not null, sent_at timestamp(6), content varchar(1000) not null, primary key (id))
Hibernate: create table manual_constraints (created_at timestamp(6), created_by bigint, id bigint generated by default as identity, mentee_id bigint not null, mentor_id bigint not null, reason varchar(255), type varchar(255) not null check (type in ('MUST_NOT_MATCH','MUST_MATCH')), primary key (id))
Hibernate: create table match_requests (admin_approved boolean, chat_score float(53), feedback_score float(53), final_score float(53), initial_match_score float(53), mentee_final_decision boolean, mentee_rating integer, mentor_final_decision boolean, mentor_rating integer, created_at timestamp(6), id bigint generated by default as identity, mentee_id bigint not null, mentor_id bigint not null, updated_at timestamp(6), admin_notes varchar(255), status varchar(255) not null check (status in ('MENTEE_INTERESTED','MENTOR_ACCEPTED','MENTOR_REJECTED','ADMIN_APPROVED','ADMIN_REJECTED')), primary key (id))
Hibernate: create table mentee_profiles (age integer, created_at timestamp(6), id bigint generated by default as identity, updated_at timestamp(6), user_id bigint not null unique, additional_info varchar(500), mentorship_goals varchar(1000) not null, academic_field varchar(255) not null, city varchar(255), communication_style varchar(255) not null, language varchar(255), primary key (id))
Hibernate: create table mentor_profiles (age integer, created_at timestamp(6), id bigint generated by default as identity, updated_at timestamp(6), user_id bigint not null unique, additional_info varchar(500), areas_of_expertise varchar(1000) not null, mentoring_philosophy varchar(1000) not null, academic_field varchar(255) not null, city varchar(255), communication_style varchar(255) not null, language varchar(255), primary key (id))
Hibernate: create table potential_matches (compatibility_score float(53), is_compatible boolean not null, created_at timestamp(6), id bigint generated by default as identity, mentee_id bigint not null, mentor_id bigint not null, updated_at timestamp(6), primary key (id))
Hibernate: create table program_settings (matching_season_active boolean not null, max_age_difference integer not null, max_likes_per_mentee integer not null, min_age_difference integer not null, created_at timestamp(6), id bigint generated by default as identity, updated_at timestamp(6), primary key (id))
Hibernate: create table users (date_of_birth date, created_at timestamp(6), id bigint generated by default as identity, academic_field varchar(255), city varchar(255), current_course varchar(255), email varchar(255) not null unique, first_name varchar(255) not null, gender varchar(255) check (gender in ('MALE','FEMALE','ANY')), languages TEXT, last_name varchar(255) not null, mentor_gender_preference varchar(255) check (mentor_gender_preference in ('MALE','FEMALE','ANY')), password varchar(255) not null, previous_background varchar(255), profile_picture_url varchar(255), role varchar(255) not null check (role in ('MENTEE','MENTOR','ADMIN')), primary key (id))
Hibernate: create table voice_answers (id bigint generated by default as identity, user_id bigint not null, answer_text TEXT, created_at varchar(255), question_key varchar(255) not null, question_text TEXT, updated_at varchar(255), user_role varchar(255) not null, primary key (id))
Hibernate: alter table if exists chat_messages add constraint FKlup7n518psdo6tn2rru8d2itt foreign key (match_request_id) references match_requests
Hibernate: alter table if exists chat_messages add constraint FKgiqeap8ays4lf684x7m0r2729 foreign key (sender_id) references users
Hibernate: alter table if exists manual_constraints add constraint FKeq8xx4mpd8buq7iq1cfsqrvv0 foreign key (created_by) references users
Hibernate: alter table if exists manual_constraints add constraint FKp2byura0ss6c0pc5mqai4tk8t foreign key (mentee_id) references users
Hibernate: alter table if exists manual_constraints add constraint FK9bquwetudxn82vvd2fqwwt2dv foreign key (mentor_id) references users
Hibernate: alter table if exists match_requests add constraint FKsxm3gpywj7tx653f4254345wc foreign key (mentee_id) references users
Hibernate: alter table if exists match_requests add constraint FK5hcvcnudoa2917aivdya8l6e3 foreign key (mentor_id) references users
Hibernate: alter table if exists mentee_profiles add constraint FKhs0uyp6lk1ry322k3midswqo3 foreign key (user_id) references users
Hibernate: alter table if exists mentor_profiles add constraint FK335r9en8na3y8bk9ltm01m83f foreign key (user_id) references users
Hibernate: alter table if exists potential_matches add constraint FKbg1w952r9fohbksq3epc8kv2b foreign key (mentee_id) references mentee_profiles
Hibernate: alter table if exists potential_matches add constraint FKl9xuf2andxnxuupq1qmf52c1d foreign key (mentor_id) references mentor_profiles
2025-10-31T23:49:14.836+01:00  INFO 82996 --- [           main] j.LocalContainerEntityManagerFactoryBean : Initialized JPA EntityManagerFactory for persistence unit 'default'
2025-10-31T23:49:15.275+01:00  INFO 82996 --- [           main] o.s.d.j.r.query.QueryEnhancerFactory     : Hibernate is in classpath; If applicable, HQL parser will be used.
2025-10-31T23:49:16.096+01:00  WARN 82996 --- [           main] JpaBaseConfiguration$JpaWebConfiguration : spring.jpa.open-in-view is enabled by default. Therefore, database queries may be performed during view rendering. Explicitly configure spring.jpa.open-in-view to disable this warning
2025-10-31T23:49:16.116+01:00  WARN 82996 --- [           main] .s.s.UserDetailsServiceAutoConfiguration : 

Using generated security password: 3ec66d31-8c07-4ccd-a03a-3b2ff11332c0

This generated password is for development use only. Your security configuration must be updated before running your application in production.

2025-10-31T23:49:16.248+01:00  INFO 82996 --- [           main] o.s.s.web.DefaultSecurityFilterChain     : Will secure any request with [org.springframework.security.web.session.DisableEncodeUrlFilter@17eb5661, org.springframework.security.web.context.request.async.WebAsyncManagerIntegrationFilter@63b0aeb1, org.springframework.security.web.context.SecurityContextHolderFilter@7e147828, org.springframework.security.web.header.HeaderWriterFilter@3986b56, org.springframework.security.web.authentication.logout.LogoutFilter@1ac9c3cc, org.springframework.security.web.savedrequest.RequestCacheAwareFilter@45dbbb97, org.springframework.security.web.servletapi.SecurityContextHolderAwareRequestFilter@36c763cd, org.springframework.security.web.authentication.AnonymousAuthenticationFilter@75b5d09, org.springframework.security.web.access.ExceptionTranslationFilter@21132086, org.springframework.security.web.access.intercept.AuthorizationFilter@748015f8]
2025-10-31T23:49:16.695+01:00  WARN 82996 --- [           main] ConfigServletWebServerApplicationContext : Exception encountered during context initialization - cancelling refresh attempt: org.springframework.context.ApplicationContextException: Failed to start bean 'webServerStartStop'
2025-10-31T23:49:16.698+01:00  INFO 82996 --- [           main] j.LocalContainerEntityManagerFactoryBean : Closing JPA EntityManagerFactory for persistence unit 'default'
Hibernate: drop table if exists chat_messages cascade 
Hibernate: drop table if exists manual_constraints cascade 
Hibernate: drop table if exists match_requests cascade 
Hibernate: drop table if exists mentee_profiles cascade 
Hibernate: drop table if exists mentor_profiles cascade 
Hibernate: drop table if exists potential_matches cascade 
Hibernate: drop table if exists program_settings cascade 
Hibernate: drop table if exists users cascade 
Hibernate: drop table if exists voice_answers cascade 
2025-10-31T23:49:16.708+01:00  INFO 82996 --- [           main] com.zaxxer.hikari.HikariDataSource       : HikariPool-1 - Shutdown initiated...
2025-10-31T23:49:16.710+01:00  INFO 82996 --- [           main] com.zaxxer.hikari.HikariDataSource       : HikariPool-1 - Shutdown completed.
2025-10-31T23:49:16.712+01:00  INFO 82996 --- [           main] o.apache.catalina.core.StandardService   : Stopping service [Tomcat]
2025-10-31T23:49:16.723+01:00  INFO 82996 --- [           main] .s.b.a.l.ConditionEvaluationReportLogger : 

Error starting ApplicationContext. To display the condition evaluation report re-run your application with 'debug' enabled.
2025-10-31T23:49:16.746+01:00 ERROR 82996 --- [           main] o.s.b.d.LoggingFailureAnalysisReporter   : 

***************************
APPLICATION FAILED TO START
***************************

Description:

Web server failed to start. Port 8080 was already in use.

Action:

Identify and stop the process that's listening on port 8080 or configure this application to listen on another port.

[INFO] ------------------------------------------------------------------------
[INFO] BUILD FAILURE
[INFO] ------------------------------------------------------------------------
[INFO] Total time:  7.931 s
[INFO] Finished at: 2025-10-31T23:49:16+01:00
[INFO] ------------------------------------------------------------------------
[ERROR] Failed to execute goal org.springframework.boot:spring-boot-maven-plugin:3.1.5:run (default-cli) on project mentoring-platform: Process terminated with exit code: 1 -> [Help 1]
[ERROR] 
[ERROR] To see the full stack trace of the errors, re-run Maven with the -e switch.
[ERROR] Re-run Maven using the -X switch to enable full debug logging.
[ERROR] 
[ERROR] For more information about the errors and possible solutions, please read the following articles:
[ERROR] [Help 1] http://cwiki.apache.org/confluence/display/MAVEN/MojoExecutionException
